[2023-02-21T01:47:22.595+0000][0.012s] Using G1
[2023-02-21T01:47:22.854+0000][0.271s] Version: 17.0.6+10 (release)
[2023-02-21T01:47:22.856+0000][0.272s] CPUs: 2 total, 2 available
[2023-02-21T01:47:22.857+0000][0.274s] Memory: 984M
[2023-02-21T01:47:22.858+0000][0.274s] Large Page Support: Disabled
[2023-02-21T01:47:22.858+0000][0.275s] NUMA Support: Disabled
[2023-02-21T01:47:22.859+0000][0.275s] Compressed Oops: Enabled (32-bit)
[2023-02-21T01:47:22.859+0000][0.276s] Heap Region Size: 1M
[2023-02-21T01:47:22.860+0000][0.276s] Heap Min Capacity: 512M
[2023-02-21T01:47:22.860+0000][0.277s] Heap Initial Capacity: 512M
[2023-02-21T01:47:22.861+0000][0.278s] Heap Max Capacity: 512M
[2023-02-21T01:47:22.862+0000][0.278s] Pre-touch: Enabled
[2023-02-21T01:47:22.862+0000][0.279s] Parallel Workers: 2
[2023-02-21T01:47:22.863+0000][0.279s] Concurrent Workers: 1
[2023-02-21T01:47:22.864+0000][0.280s] Concurrent Refinement Workers: 2
[2023-02-21T01:47:22.864+0000][0.281s] Periodic GC: Disabled
[2023-02-21T01:47:22.868+0000][0.284s] CDS archive(s) mapped at: [0x0000000800000000-0x0000000800a70000-0x0000000800a70000), size 10944512, SharedBaseAddress: 0x0000000800000000, ArchiveRelocationMode: 0.
[2023-02-21T01:47:22.868+0000][0.285s] Compressed class space mapped at: 0x0000000800c00000-0x0000000840c00000, reserved size: 1073741824
[2023-02-21T01:47:22.869+0000][0.285s] Narrow klass base: 0x0000000800000000, Narrow klass shift: 0, Narrow klass range: 0x100000000
[2023-02-21T01:47:23.406+0000][0.823s] GC(0) Pause Young (Normal) (G1 Evacuation Pause)
[2023-02-21T01:47:23.407+0000][0.823s] GC(0) Using 2 workers of 2 for evacuation
[2023-02-21T01:47:23.415+0000][0.832s] GC(0)   Pre Evacuate Collection Set: 0.2ms
[2023-02-21T01:47:23.416+0000][0.833s] GC(0)   Merge Heap Roots: 0.3ms
[2023-02-21T01:47:23.417+0000][0.833s] GC(0)   Evacuate Collection Set: 6.4ms
[2023-02-21T01:47:23.418+0000][0.834s] GC(0)   Post Evacuate Collection Set: 0.5ms
[2023-02-21T01:47:23.418+0000][0.834s] GC(0)   Other: 1.6ms
[2023-02-21T01:47:23.419+0000][0.835s] GC(0) Eden regions: 25->0(21)
[2023-02-21T01:47:23.419+0000][0.836s] GC(0) Survivor regions: 0->4(4)
[2023-02-21T01:47:23.420+0000][0.836s] GC(0) Old regions: 0->0
[2023-02-21T01:47:23.420+0000][0.837s] GC(0) Archive regions: 2->2
[2023-02-21T01:47:23.421+0000][0.837s] GC(0) Humongous regions: 0->0
[2023-02-21T01:47:23.422+0000][0.838s] GC(0) Metaspace: 9147K(9344K)->9147K(9344K) NonClass: 8032K(8128K)->8032K(8128K) Class: 1114K(1216K)->1114K(1216K)
[2023-02-21T01:47:23.422+0000][0.839s] GC(0) Pause Young (Normal) (G1 Evacuation Pause) 25M->4M(512M) 16.183ms
[2023-02-21T01:47:23.423+0000][0.839s] GC(0) User=0.01s Sys=0.00s Real=0.02s
[2023-02-21T01:47:23.662+0000][1.078s] GC(1) Pause Young (Normal) (G1 Evacuation Pause)
[2023-02-21T01:47:23.663+0000][1.079s] GC(1) Using 2 workers of 2 for evacuation
[2023-02-21T01:47:23.711+0000][1.127s] GC(1)   Pre Evacuate Collection Set: 0.1ms
[2023-02-21T01:47:23.712+0000][1.129s] GC(1)   Merge Heap Roots: 0.0ms
[2023-02-21T01:47:23.713+0000][1.129s] GC(1)   Evacuate Collection Set: 46.8ms
[2023-02-21T01:47:23.713+0000][1.130s] GC(1)   Post Evacuate Collection Set: 0.5ms
[2023-02-21T01:47:23.714+0000][1.131s] GC(1)   Other: 2.0ms
[2023-02-21T01:47:23.715+0000][1.131s] GC(1) Eden regions: 21->0(21)
[2023-02-21T01:47:23.715+0000][1.132s] GC(1) Survivor regions: 4->4(4)
[2023-02-21T01:47:23.716+0000][1.132s] GC(1) Old regions: 0->9
[2023-02-21T01:47:23.716+0000][1.133s] GC(1) Archive regions: 2->2
[2023-02-21T01:47:23.717+0000][1.133s] GC(1) Humongous regions: 4->4
[2023-02-21T01:47:23.718+0000][1.134s] GC(1) Metaspace: 13922K(14080K)->13922K(14080K) NonClass: 12204K(12288K)->12204K(12288K) Class: 1718K(1792K)->1718K(1792K)
[2023-02-21T01:47:23.718+0000][1.135s] GC(1) Pause Young (Normal) (G1 Evacuation Pause) 29M->17M(512M) 56.757ms
[2023-02-21T01:47:23.719+0000][1.135s] GC(1) User=0.06s Sys=0.01s Real=0.06s
[2023-02-21T01:47:23.865+0000][1.281s] GC(2) Pause Young (Normal) (G1 Evacuation Pause)
[2023-02-21T01:47:23.866+0000][1.282s] GC(2) Using 2 workers of 2 for evacuation
[2023-02-21T01:47:23.876+0000][1.293s] GC(2)   Pre Evacuate Collection Set: 0.1ms
[2023-02-21T01:47:23.877+0000][1.293s] GC(2)   Merge Heap Roots: 0.1ms
[2023-02-21T01:47:23.877+0000][1.294s] GC(2)   Evacuate Collection Set: 8.6ms
[2023-02-21T01:47:23.878+0000][1.294s] GC(2)   Post Evacuate Collection Set: 0.3ms
[2023-02-21T01:47:23.878+0000][1.295s] GC(2)   Other: 2.3ms
[2023-02-21T01:47:23.879+0000][1.295s] GC(2) Eden regions: 21->0(36)
[2023-02-21T01:47:23.879+0000][1.295s] GC(2) Survivor regions: 4->3(4)
[2023-02-21T01:47:23.879+0000][1.296s] GC(2) Old regions: 9->13
[2023-02-21T01:47:23.880+0000][1.296s] GC(2) Archive regions: 2->2
[2023-02-21T01:47:23.880+0000][1.297s] GC(2) Humongous regions: 4->4
[2023-02-21T01:47:23.881+0000][1.297s] GC(2) Metaspace: 15829K(16064K)->15829K(16064K) NonClass: 13902K(14016K)->13902K(14016K) Class: 1926K(2048K)->1926K(2048K)
[2023-02-21T01:47:23.881+0000][1.298s] GC(2) Pause Young (Normal) (G1 Evacuation Pause) 38M->20M(512M) 16.363ms
[2023-02-21T01:47:23.882+0000][1.298s] GC(2) User=0.01s Sys=0.00s Real=0.01s
[2023-02-21T01:47:24.136+0000][1.553s] GC(3) Pause Young (Normal) (G1 Evacuation Pause)
[2023-02-21T01:47:24.137+0000][1.554s] GC(3) Using 2 workers of 2 for evacuation
[2023-02-21T01:47:24.146+0000][1.563s] GC(3)   Pre Evacuate Collection Set: 0.1ms
[2023-02-21T01:47:24.147+0000][1.563s] GC(3)   Merge Heap Roots: 0.0ms
[2023-02-21T01:47:24.147+0000][1.564s] GC(3)   Evacuate Collection Set: 7.5ms
[2023-02-21T01:47:24.148+0000][1.564s] GC(3)   Post Evacuate Collection Set: 0.7ms
[2023-02-21T01:47:24.148+0000][1.565s] GC(3)   Other: 1.6ms
[2023-02-21T01:47:24.149+0000][1.565s] GC(3) Eden regions: 36->0(49)
[2023-02-21T01:47:24.150+0000][1.566s] GC(3) Survivor regions: 3->5(5)
[2023-02-21T01:47:24.150+0000][1.567s] GC(3) Old regions: 13->13
[2023-02-21T01:47:24.151+0000][1.567s] GC(3) Archive regions: 2->2
[2023-02-21T01:47:24.151+0000][1.567s] GC(3) Humongous regions: 5->5
[2023-02-21T01:47:24.151+0000][1.568s] GC(3) Metaspace: 19283K(19520K)->19283K(19520K) NonClass: 16972K(17088K)->16972K(17088K) Class: 2310K(2432K)->2310K(2432K)
[2023-02-21T01:47:24.152+0000][1.568s] GC(3) Pause Young (Normal) (G1 Evacuation Pause) 57M->23M(512M) 15.544ms
[2023-02-21T01:47:24.152+0000][1.569s] GC(3) User=0.01s Sys=0.00s Real=0.01s
[2023-02-21T01:47:24.238+0000][1.655s] GC(4) Pause Young (Concurrent Start) (Metadata GC Threshold)
[2023-02-21T01:47:24.239+0000][1.655s] GC(4) Using 2 workers of 2 for evacuation
[2023-02-21T01:47:24.247+0000][1.663s] GC(4)   Pre Evacuate Collection Set: 0.1ms
[2023-02-21T01:47:24.247+0000][1.664s] GC(4)   Merge Heap Roots: 0.1ms
[2023-02-21T01:47:24.248+0000][1.664s] GC(4)   Evacuate Collection Set: 6.5ms
[2023-02-21T01:47:24.248+0000][1.665s] GC(4)   Post Evacuate Collection Set: 0.2ms
[2023-02-21T01:47:24.249+0000][1.665s] GC(4)   Other: 1.6ms
[2023-02-21T01:47:24.249+0000][1.665s] GC(4) Eden regions: 16->0(33)
[2023-02-21T01:47:24.249+0000][1.666s] GC(4) Survivor regions: 5->5(7)
[2023-02-21T01:47:24.250+0000][1.666s] GC(4) Old regions: 13->16
[2023-02-21T01:47:24.250+0000][1.666s] GC(4) Archive regions: 2->2
[2023-02-21T01:47:24.250+0000][1.667s] GC(4) Humongous regions: 5->4
[2023-02-21T01:47:24.251+0000][1.667s] GC(4) Metaspace: 21270K(21504K)->21270K(21504K) NonClass: 18673K(18816K)->18673K(18816K) Class: 2597K(2688K)->2597K(2688K)
[2023-02-21T01:47:24.251+0000][1.668s] GC(4) Pause Young (Concurrent Start) (Metadata GC Threshold) 39M->24M(512M) 12.882ms
[2023-02-21T01:47:24.252+0000][1.668s] GC(4) User=0.01s Sys=0.00s Real=0.01s
[2023-02-21T01:47:24.258+0000][1.674s] GC(5) Concurrent Mark Cycle
[2023-02-21T01:47:24.258+0000][1.675s] GC(5) Concurrent Clear Claimed Marks
[2023-02-21T01:47:24.259+0000][1.675s] GC(5) Concurrent Clear Claimed Marks 0.475ms
[2023-02-21T01:47:24.259+0000][1.676s] GC(5) Concurrent Scan Root Regions
[2023-02-21T01:47:24.261+0000][1.677s] GC(5) Concurrent Scan Root Regions 1.490ms
[2023-02-21T01:47:24.261+0000][1.677s] GC(5) Concurrent Mark
[2023-02-21T01:47:24.261+0000][1.678s] GC(5) Concurrent Mark From Roots
[2023-02-21T01:47:24.262+0000][1.678s] GC(5) Using 1 workers of 1 for marking
[2023-02-21T01:47:24.275+0000][1.691s] GC(5) Concurrent Mark From Roots 13.665ms
[2023-02-21T01:47:24.276+0000][1.692s] GC(5) Concurrent Preclean
[2023-02-21T01:47:24.276+0000][1.693s] GC(5) Concurrent Preclean 0.582ms
[2023-02-21T01:47:24.277+0000][1.694s] GC(5) Pause Remark
[2023-02-21T01:47:24.280+0000][1.697s] GC(5) Pause Remark 26M->26M(512M) 2.954ms
[2023-02-21T01:47:24.281+0000][1.697s] GC(5) User=0.00s Sys=0.00s Real=0.00s
[2023-02-21T01:47:24.281+0000][1.697s] GC(5) Concurrent Mark 20.003ms
[2023-02-21T01:47:24.282+0000][1.698s] GC(5) Concurrent Rebuild Remembered Sets
[2023-02-21T01:47:24.289+0000][1.705s] GC(5) Concurrent Rebuild Remembered Sets 7.393ms
[2023-02-21T01:47:24.290+0000][1.706s] GC(5) Pause Cleanup
[2023-02-21T01:47:24.290+0000][1.706s] GC(5) Pause Cleanup 27M->27M(512M) 0.478ms
[2023-02-21T01:47:24.290+0000][1.707s] GC(5) User=0.00s Sys=0.00s Real=0.00s
[2023-02-21T01:47:24.291+0000][1.707s] GC(5) Concurrent Cleanup for Next Mark
[2023-02-21T01:47:24.291+0000][1.708s] GC(5) Concurrent Cleanup for Next Mark 0.582ms
[2023-02-21T01:47:24.292+0000][1.708s] GC(5) Concurrent Mark Cycle 34.019ms
[2023-02-21T01:47:24.526+0000][1.942s] GC(6) Pause Young (Prepare Mixed) (G1 Evacuation Pause)
[2023-02-21T01:47:24.527+0000][1.943s] GC(6) Using 2 workers of 2 for evacuation
[2023-02-21T01:47:24.532+0000][1.948s] GC(6)   Pre Evacuate Collection Set: 0.1ms
[2023-02-21T01:47:24.533+0000][1.949s] GC(6)   Merge Heap Roots: 0.0ms
[2023-02-21T01:47:24.533+0000][1.950s] GC(6)   Evacuate Collection Set: 4.3ms
[2023-02-21T01:47:24.533+0000][1.950s] GC(6)   Post Evacuate Collection Set: 0.3ms
[2023-02-21T01:47:24.534+0000][1.950s] GC(6)   Other: 1.4ms
[2023-02-21T01:47:24.534+0000][1.951s] GC(6) Eden regions: 33->0(23)
[2023-02-21T01:47:24.535+0000][1.952s] GC(6) Survivor regions: 5->2(5)
[2023-02-21T01:47:24.536+0000][1.952s] GC(6) Old regions: 16->18
[2023-02-21T01:47:24.536+0000][1.953s] GC(6) Archive regions: 2->2
[2023-02-21T01:47:24.537+0000][1.953s] GC(6) Humongous regions: 4->4
[2023-02-21T01:47:24.537+0000][1.954s] GC(6) Metaspace: 24823K(25152K)->24823K(25152K) NonClass: 21819K(22016K)->21819K(22016K) Class: 3003K(3136K)->3003K(3136K)
[2023-02-21T01:47:24.538+0000][1.954s] GC(6) Pause Young (Prepare Mixed) (G1 Evacuation Pause) 57M->24M(512M) 12.039ms
[2023-02-21T01:47:24.538+0000][1.955s] GC(6) User=0.01s Sys=0.01s Real=0.01s
[2023-02-21T01:47:24.746+0000][2.162s] GC(7) Pause Young (Mixed) (G1 Evacuation Pause)
[2023-02-21T01:47:24.747+0000][2.163s] GC(7) Using 2 workers of 2 for evacuation
[2023-02-21T01:47:24.754+0000][2.170s] GC(7)   Pre Evacuate Collection Set: 0.2ms
[2023-02-21T01:47:24.754+0000][2.171s] GC(7)   Merge Heap Roots: 0.2ms
[2023-02-21T01:47:24.755+0000][2.171s] GC(7)   Evacuate Collection Set: 5.5ms
[2023-02-21T01:47:24.755+0000][2.172s] GC(7)   Post Evacuate Collection Set: 0.3ms
[2023-02-21T01:47:24.756+0000][2.172s] GC(7)   Other: 1.5ms
[2023-02-21T01:47:24.756+0000][2.172s] GC(7) Eden regions: 23->0(78)
[2023-02-21T01:47:24.756+0000][2.173s] GC(7) Survivor regions: 2->4(4)
[2023-02-21T01:47:24.757+0000][2.173s] GC(7) Old regions: 18->19
[2023-02-21T01:47:24.757+0000][2.174s] GC(7) Archive regions: 2->2
[2023-02-21T01:47:24.758+0000][2.174s] GC(7) Humongous regions: 4->4
[2023-02-21T01:47:24.758+0000][2.175s] GC(7) Metaspace: 29063K(29312K)->29063K(29312K) NonClass: 25528K(25664K)->25528K(25664K) Class: 3534K(3648K)->3534K(3648K)
[2023-02-21T01:47:24.759+0000][2.175s] GC(7) Pause Young (Mixed) (G1 Evacuation Pause) 47M->27M(512M) 12.597ms
[2023-02-21T01:47:24.759+0000][2.175s] GC(7) User=0.01s Sys=0.01s Real=0.01s
[2023-02-21T01:47:25.419+0000][2.835s] GC(8) Pause Young (Concurrent Start) (Metadata GC Threshold)
[2023-02-21T01:47:25.420+0000][2.836s] GC(8) Using 2 workers of 2 for evacuation
[2023-02-21T01:47:25.427+0000][2.844s] GC(8)   Pre Evacuate Collection Set: 0.3ms
[2023-02-21T01:47:25.428+0000][2.844s] GC(8)   Merge Heap Roots: 0.1ms
[2023-02-21T01:47:25.428+0000][2.845s] GC(8)   Evacuate Collection Set: 6.0ms
[2023-02-21T01:47:25.429+0000][2.845s] GC(8)   Post Evacuate Collection Set: 0.5ms
[2023-02-21T01:47:25.430+0000][2.846s] GC(8)   Other: 1.5ms
[2023-02-21T01:47:25.430+0000][2.847s] GC(8) Eden regions: 68->0(298)
[2023-02-21T01:47:25.431+0000][2.847s] GC(8) Survivor regions: 4->9(11)
[2023-02-21T01:47:25.431+0000][2.848s] GC(8) Old regions: 19->19
[2023-02-21T01:47:25.431+0000][2.848s] GC(8) Archive regions: 2->2
[2023-02-21T01:47:25.432+0000][2.848s] GC(8) Humongous regions: 4->4
[2023-02-21T01:47:25.432+0000][2.849s] GC(8) Metaspace: 35966K(36288K)->35966K(36288K) NonClass: 31546K(31680K)->31546K(31680K) Class: 4419K(4608K)->4419K(4608K)
[2023-02-21T01:47:25.433+0000][2.849s] GC(8) Pause Young (Concurrent Start) (Metadata GC Threshold) 94M->31M(512M) 13.854ms
[2023-02-21T01:47:25.433+0000][2.850s] GC(8) User=0.01s Sys=0.00s Real=0.02s
[2023-02-21T01:47:25.434+0000][2.850s] GC(9) Concurrent Mark Cycle
[2023-02-21T01:47:25.434+0000][2.850s] GC(9) Concurrent Clear Claimed Marks
[2023-02-21T01:47:25.434+0000][2.851s] GC(9) Concurrent Clear Claimed Marks 0.376ms
[2023-02-21T01:47:25.435+0000][2.851s] GC(9) Concurrent Scan Root Regions
[2023-02-21T01:47:25.438+0000][2.854s] GC(9) Concurrent Scan Root Regions 3.312ms
[2023-02-21T01:47:25.439+0000][2.855s] GC(9) Concurrent Mark
[2023-02-21T01:47:25.439+0000][2.856s] GC(9) Concurrent Mark From Roots
[2023-02-21T01:47:25.441+0000][2.857s] GC(9) Using 1 workers of 1 for marking
[2023-02-21T01:47:25.458+0000][2.875s] GC(9) Concurrent Mark From Roots 18.933ms
[2023-02-21T01:47:25.459+0000][2.875s] GC(9) Concurrent Preclean
[2023-02-21T01:47:25.461+0000][2.877s] GC(9) Concurrent Preclean 1.823ms
[2023-02-21T01:47:25.463+0000][2.880s] GC(9) Pause Remark
[2023-02-21T01:47:25.481+0000][2.897s] GC(9) Pause Remark 34M->34M(512M) 17.603ms
[2023-02-21T01:47:25.482+0000][2.898s] GC(9) User=0.00s Sys=0.00s Real=0.01s
[2023-02-21T01:47:25.482+0000][2.899s] GC(9) Concurrent Mark 43.509ms
[2023-02-21T01:47:25.487+0000][2.903s] GC(9) Concurrent Rebuild Remembered Sets
[2023-02-21T01:47:25.500+0000][2.916s] GC(9) Concurrent Rebuild Remembered Sets 12.995ms
[2023-02-21T01:47:25.501+0000][2.917s] GC(9) Pause Cleanup
[2023-02-21T01:47:25.502+0000][2.918s] GC(9) Pause Cleanup 34M->34M(512M) 0.838ms
[2023-02-21T01:47:25.502+0000][2.919s] GC(9) User=0.00s Sys=0.00s Real=0.00s
[2023-02-21T01:47:25.503+0000][2.919s] GC(9) Concurrent Cleanup for Next Mark
[2023-02-21T01:47:25.504+0000][2.921s] GC(9) Concurrent Cleanup for Next Mark 1.290ms
[2023-02-21T01:47:25.505+0000][2.921s] GC(9) Concurrent Mark Cycle 71.345ms
